# Unmapped values — 2026-03-07 13:30
# Add these to mappings.yaml to classify them properly.

brand:AB KAWASAKI
brand:ABT
brand:AC-COBRA
brand:ALPINA
brand:ALVIS
brand:ARIES
brand:AUDI-NSU
brand:AUSTIN
brand:Avantier
brand:BAIC
brand:BMW/ALPINA
brand:BORGWARD
brand:BRP
brand:CAN-AM
brand:CITROEN-DANGEL
brand:CITROEN-POESSL
brand:CLUB CAR
brand:CUSHMAN
brand:DAIMLER
brand:DALLARA
brand:DFSK
brand:DONKERVOORT
brand:EDSEL
brand:FACEL-VEGA
brand:FAVERO
brand:FFW
brand:FIAT-ABARTH
brand:FISKER
brand:FORD ECONOLINE
brand:FORD-CNG-TECHNIK
brand:HUMMER
brand:INEOS
brand:JIALING
brand:JIAYUAN
brand:JUMBOLINO
brand:KG MOBILITY
brand:KLINGLER
brand:KOENIG
brand:KTM
brand:LADA
brand:MC LAREN
brand:MERCEDES-ADRIA
brand:MERCEDES-AMG
brand:MERCEDES-BENZ-HYMER
brand:MERCEDES-BENZ-WEINSBERG
brand:MICRO COMPACT CAR
brand:MORGAN
brand:MUSTANG
brand:NIBBI
brand:NSU
brand:OPEL-DANGEL
brand:PAGANI
brand:PEUGEOT-ALKO
brand:PEUGEOT-DANGEL
brand:PGO
brand:PININFARINA
brand:PLYMOUTH
brand:PONTIAC
brand:PRINOTH
brand:PUMA
brand:QUATTRO
brand:RADICAL SPORTSCARS
brand:RELIANT
brand:RENAULT-SPORT
brand:RIMAC
brand:ROOS
brand:ROVER
brand:SAAB
brand:SECMA
brand:SKYWELL
brand:STIMBO
brand:SWM
brand:TAZZARI
brand:TOURNEAU LE
brand:TOYO-KOGYO
brand:TRIUMPH
brand:UEBRIGE (SIEHE TYP)
brand:VAUXHALL
brand:VOLVO-T
brand:VW-MAN
brand:WIESMANN
brand:YAMAHA
fuel:Alkohol (Ethanol)
fuel:Benzin / Alkohol (Ethanol)
fuel:Benzin / Elektrisch
fuel:Benzin/Alkohol (Ethanol)
fuel:Diesel / Elektrisch
fuel:Elektrisch mit RE
fuel:Elektrisch mit RE (Range Extender)
fuel:Erdgas (CNG)
fuel:Erdgas (CNG) / Benzin
fuel:Erdgas / Benzin (CNG)
fuel:Flüssiggas (LPG)
fuel:Flüssiggas (LPG) / Benzin
fuel:Wasserstoff / Elektrisch
plate:Braun, Ausnahmefahrzeug
plate:Schwarz, Armeefahrzeug
plate:Weiss (Motorwagen)
